<html>
<body>
<pre>
<h1>µVision Build Log</h1>
<h2>Project:</h2>
C:\Users\Thomas\Desktop\Goaldee Project\Coding\Code_Dec2014_GREAT02b_MoreExpResolution\src\device\video\m0.uvproj
Project File Date:  12/17/2014

<h2>Output:</h2>
Build Project 'm0' - Target 'm0'
linking...
Program Size: Code=5328 RO-data=216 RW-data=60 ZI-data=2052  
FromELF: creating hex file...
After Build - User command #1: fromelf --cadcombined --output="m0_image.c" ".\m0\m0.axf"
".\m0\m0.axf" - 0 Error(s), 0 Warning(s).
